Analysis & Synthesis report for PuenteElevadizo
Thu Dec 16 00:35:09 2021
Quartus Prime Version 20.1.1 Build 720 11/11/2020 SJ Lite Edition


---------------------
; Table of Contents ;
---------------------
  1. Legal Notice
  2. Analysis & Synthesis Summary
  3. Analysis & Synthesis Settings
  4. Parallel Compilation
  5. Analysis & Synthesis Source Files Read
  6. Analysis & Synthesis Resource Usage Summary
  7. Analysis & Synthesis Resource Utilization by Entity
  8. State Machine - |PuenteElevadizo|Motor:M1|pres_S
  9. User-Specified and Inferred Latches
 10. Registers Removed During Synthesis
 11. Removed Registers Triggering Further Register Optimizations
 12. General Register Statistics
 13. Inverted Register Statistics
 14. Multiplexer Restructuring Statistics (Restructuring Performed)
 15. Parameter Settings for User Entity Instance: RGB:L1|Divisor:D1
 16. Parameter Settings for User Entity Instance: RGB:L1|Divisor:D2
 17. Parameter Settings for User Entity Instance: Divisor:D1
 18. Parameter Settings for User Entity Instance: Divisor:D2
 19. Port Connectivity Checks: "Motor:M1"
 20. Port Connectivity Checks: "RGB:L1"
 21. Port Connectivity Checks: "sonicos:S2"
 22. Port Connectivity Checks: "sonicos:S1"
 23. Port Connectivity Checks: "Buzzer:B1"
 24. Post-Synthesis Netlist Statistics for Top Partition
 25. Elapsed Time Per Partition
 26. Analysis & Synthesis Messages



----------------
; Legal Notice ;
----------------
Copyright (C) 2020  Intel Corporation. All rights reserved.
Your use of Intel Corporation's design tools, logic functions 
and other software and tools, and any partner logic 
functions, and any output files from any of the foregoing 
(including device programming or simulation files), and any 
associated documentation or information are expressly subject 
to the terms and conditions of the Intel Program License 
Subscription Agreement, the Intel Quartus Prime License Agreement,
the Intel FPGA IP License Agreement, or other applicable license
agreement, including, without limitation, that your use is for
the sole purpose of programming logic devices manufactured by
Intel and sold by Intel or its authorized distributors.  Please
refer to the applicable agreement for further details, at
https://fpgasoftware.intel.com/eula.



+----------------------------------------------------------------------------------+
; Analysis & Synthesis Summary                                                     ;
+------------------------------------+---------------------------------------------+
; Analysis & Synthesis Status        ; Successful - Thu Dec 16 00:35:08 2021       ;
; Quartus Prime Version              ; 20.1.1 Build 720 11/11/2020 SJ Lite Edition ;
; Revision Name                      ; PuenteElevadizo                             ;
; Top-level Entity Name              ; PuenteElevadizo                             ;
; Family                             ; Cyclone IV E                                ;
; Total logic elements               ; 596                                         ;
;     Total combinational functions  ; 567                                         ;
;     Dedicated logic registers      ; 249                                         ;
; Total registers                    ; 249                                         ;
; Total pins                         ; 29                                          ;
; Total virtual pins                 ; 0                                           ;
; Total memory bits                  ; 0                                           ;
; Embedded Multiplier 9-bit elements ; 0                                           ;
; Total PLLs                         ; 0                                           ;
+------------------------------------+---------------------------------------------+


+------------------------------------------------------------------------------------------------------------+
; Analysis & Synthesis Settings                                                                              ;
+------------------------------------------------------------------+--------------------+--------------------+
; Option                                                           ; Setting            ; Default Value      ;
+------------------------------------------------------------------+--------------------+--------------------+
; Top-level entity name                                            ; PuenteElevadizo    ; PuenteElevadizo    ;
; Family name                                                      ; Cyclone IV E       ; Cyclone V          ;
; Use smart compilation                                            ; Off                ; Off                ;
; Enable parallel Assembler and Timing Analyzer during compilation ; On                 ; On                 ;
; Enable compact report table                                      ; Off                ; Off                ;
; Restructure Multiplexers                                         ; Auto               ; Auto               ;
; Create Debugging Nodes for IP Cores                              ; Off                ; Off                ;
; Preserve fewer node names                                        ; On                 ; On                 ;
; Intel FPGA IP Evaluation Mode                                    ; Enable             ; Enable             ;
; Verilog Version                                                  ; Verilog_2001       ; Verilog_2001       ;
; VHDL Version                                                     ; VHDL_1993          ; VHDL_1993          ;
; State Machine Processing                                         ; Auto               ; Auto               ;
; Safe State Machine                                               ; Off                ; Off                ;
; Extract Verilog State Machines                                   ; On                 ; On                 ;
; Extract VHDL State Machines                                      ; On                 ; On                 ;
; Ignore Verilog initial constructs                                ; Off                ; Off                ;
; Iteration limit for constant Verilog loops                       ; 5000               ; 5000               ;
; Iteration limit for non-constant Verilog loops                   ; 250                ; 250                ;
; Add Pass-Through Logic to Inferred RAMs                          ; On                 ; On                 ;
; Infer RAMs from Raw Logic                                        ; On                 ; On                 ;
; Parallel Synthesis                                               ; On                 ; On                 ;
; DSP Block Balancing                                              ; Auto               ; Auto               ;
; NOT Gate Push-Back                                               ; On                 ; On                 ;
; Power-Up Don't Care                                              ; On                 ; On                 ;
; Remove Redundant Logic Cells                                     ; Off                ; Off                ;
; Remove Duplicate Registers                                       ; On                 ; On                 ;
; Ignore CARRY Buffers                                             ; Off                ; Off                ;
; Ignore CASCADE Buffers                                           ; Off                ; Off                ;
; Ignore GLOBAL Buffers                                            ; Off                ; Off                ;
; Ignore ROW GLOBAL Buffers                                        ; Off                ; Off                ;
; Ignore LCELL Buffers                                             ; Off                ; Off                ;
; Ignore SOFT Buffers                                              ; On                 ; On                 ;
; Limit AHDL Integers to 32 Bits                                   ; Off                ; Off                ;
; Optimization Technique                                           ; Balanced           ; Balanced           ;
; Carry Chain Length                                               ; 70                 ; 70                 ;
; Auto Carry Chains                                                ; On                 ; On                 ;
; Auto Open-Drain Pins                                             ; On                 ; On                 ;
; Perform WYSIWYG Primitive Resynthesis                            ; Off                ; Off                ;
; Auto ROM Replacement                                             ; On                 ; On                 ;
; Auto RAM Replacement                                             ; On                 ; On                 ;
; Auto DSP Block Replacement                                       ; On                 ; On                 ;
; Auto Shift Register Replacement                                  ; Auto               ; Auto               ;
; Allow Shift Register Merging across Hierarchies                  ; Auto               ; Auto               ;
; Auto Clock Enable Replacement                                    ; On                 ; On                 ;
; Strict RAM Replacement                                           ; Off                ; Off                ;
; Allow Synchronous Control Signals                                ; On                 ; On                 ;
; Force Use of Synchronous Clear Signals                           ; Off                ; Off                ;
; Auto RAM Block Balancing                                         ; On                 ; On                 ;
; Auto RAM to Logic Cell Conversion                                ; Off                ; Off                ;
; Auto Resource Sharing                                            ; Off                ; Off                ;
; Allow Any RAM Size For Recognition                               ; Off                ; Off                ;
; Allow Any ROM Size For Recognition                               ; Off                ; Off                ;
; Allow Any Shift Register Size For Recognition                    ; Off                ; Off                ;
; Use LogicLock Constraints during Resource Balancing              ; On                 ; On                 ;
; Ignore translate_off and synthesis_off directives                ; Off                ; Off                ;
; Timing-Driven Synthesis                                          ; On                 ; On                 ;
; Report Parameter Settings                                        ; On                 ; On                 ;
; Report Source Assignments                                        ; On                 ; On                 ;
; Report Connectivity Checks                                       ; On                 ; On                 ;
; Ignore Maximum Fan-Out Assignments                               ; Off                ; Off                ;
; Synchronization Register Chain Length                            ; 2                  ; 2                  ;
; Power Optimization During Synthesis                              ; Normal compilation ; Normal compilation ;
; HDL message level                                                ; Level2             ; Level2             ;
; Suppress Register Optimization Related Messages                  ; Off                ; Off                ;
; Number of Removed Registers Reported in Synthesis Report         ; 5000               ; 5000               ;
; Number of Swept Nodes Reported in Synthesis Report               ; 5000               ; 5000               ;
; Number of Inverted Registers Reported in Synthesis Report        ; 100                ; 100                ;
; Clock MUX Protection                                             ; On                 ; On                 ;
; Auto Gated Clock Conversion                                      ; Off                ; Off                ;
; Block Design Naming                                              ; Auto               ; Auto               ;
; SDC constraint protection                                        ; Off                ; Off                ;
; Synthesis Effort                                                 ; Auto               ; Auto               ;
; Shift Register Replacement - Allow Asynchronous Clear Signal     ; On                 ; On                 ;
; Pre-Mapping Resynthesis Optimization                             ; Off                ; Off                ;
; Analysis & Synthesis Message Level                               ; Medium             ; Medium             ;
; Disable Register Merging Across Hierarchies                      ; Auto               ; Auto               ;
; Resource Aware Inference For Block RAM                           ; On                 ; On                 ;
+------------------------------------------------------------------+--------------------+--------------------+


+------------------------------------------+
; Parallel Compilation                     ;
+----------------------------+-------------+
; Processors                 ; Number      ;
+----------------------------+-------------+
; Number detected on machine ; 4           ;
; Maximum allowed            ; 4           ;
;                            ;             ;
; Average used               ; 1.00        ;
; Maximum used               ; 4           ;
;                            ;             ;
; Usage by Processor         ; % Time Used ;
;     Processor 1            ; 100.0%      ;
;     Processor 2            ;   0.1%      ;
;     Processors 3-4         ;   0.0%      ;
+----------------------------+-------------+


+---------------------------------------------------------------------------------------------------------------------------------------------------------+
; Analysis & Synthesis Source Files Read                                                                                                                  ;
+----------------------------------+-----------------+-----------------+------------------------------------------------------------------------+---------+
; File Name with User-Entered Path ; Used in Netlist ; File Type       ; File Name with Absolute Path                                           ; Library ;
+----------------------------------+-----------------+-----------------+------------------------------------------------------------------------+---------+
; Divisor.vhd                      ; yes             ; User VHDL File  ; C:/Users/pc/OneDrive/Documents/Dev/DD/ProyectoVLSI/Divisor.vhd         ;         ;
; PWM.vhd                          ; yes             ; User VHDL File  ; C:/Users/pc/OneDrive/Documents/Dev/DD/ProyectoVLSI/PWM.vhd             ;         ;
; sonicos.vhd                      ; yes             ; User VHDL File  ; C:/Users/pc/OneDrive/Documents/Dev/DD/ProyectoVLSI/sonicos.vhd         ;         ;
; PuenteElevadizo.vhd              ; yes             ; User VHDL File  ; C:/Users/pc/OneDrive/Documents/Dev/DD/ProyectoVLSI/PuenteElevadizo.vhd ;         ;
; RGB.vhd                          ; yes             ; User VHDL File  ; C:/Users/pc/OneDrive/Documents/Dev/DD/ProyectoVLSI/RGB.vhd             ;         ;
; Buzzer.vhd                       ; yes             ; User VHDL File  ; C:/Users/pc/OneDrive/Documents/Dev/DD/ProyectoVLSI/Buzzer.vhd          ;         ;
; Motor.vhd                        ; yes             ; User VHDL File  ; C:/Users/pc/OneDrive/Documents/Dev/DD/ProyectoVLSI/Motor.vhd           ;         ;
; Display.vhd                      ; yes             ; User VHDL File  ; C:/Users/pc/OneDrive/Documents/Dev/DD/ProyectoVLSI/Display.vhd         ;         ;
+----------------------------------+-----------------+-----------------+------------------------------------------------------------------------+---------+


+---------------------------------------------------------+
; Analysis & Synthesis Resource Usage Summary             ;
+---------------------------------------------+-----------+
; Resource                                    ; Usage     ;
+---------------------------------------------+-----------+
; Estimated Total logic elements              ; 596       ;
;                                             ;           ;
; Total combinational functions               ; 567       ;
; Logic element usage by number of LUT inputs ;           ;
;     -- 4 input functions                    ; 177       ;
;     -- 3 input functions                    ; 129       ;
;     -- <=2 input functions                  ; 261       ;
;                                             ;           ;
; Logic elements by mode                      ;           ;
;     -- normal mode                          ; 342       ;
;     -- arithmetic mode                      ; 225       ;
;                                             ;           ;
; Total registers                             ; 249       ;
;     -- Dedicated logic registers            ; 249       ;
;     -- I/O registers                        ; 0         ;
;                                             ;           ;
; I/O pins                                    ; 29        ;
;                                             ;           ;
; Embedded Multiplier 9-bit elements          ; 0         ;
;                                             ;           ;
; Maximum fan-out node                        ; clk~input ;
; Maximum fan-out                             ; 181       ;
; Total fan-out                               ; 2407      ;
; Average fan-out                             ; 2.75      ;
+---------------------------------------------+-----------+


+-----------------------------------------------------------------------------------------------------------------------------------------------------------------------------------------------------------------------------+
; Analysis & Synthesis Resource Utilization by Entity                                                                                                                                                                         ;
+----------------------------+---------------------+---------------------------+-------------+--------------+---------+-----------+------+--------------+------------------------------------+-----------------+--------------+
; Compilation Hierarchy Node ; Combinational ALUTs ; Dedicated Logic Registers ; Memory Bits ; DSP Elements ; DSP 9x9 ; DSP 18x18 ; Pins ; Virtual Pins ; Full Hierarchy Name                ; Entity Name     ; Library Name ;
+----------------------------+---------------------+---------------------------+-------------+--------------+---------+-----------+------+--------------+------------------------------------+-----------------+--------------+
; |PuenteElevadizo           ; 567 (204)           ; 249 (48)                  ; 0           ; 0            ; 0       ; 0         ; 29   ; 0            ; |PuenteElevadizo                   ; PuenteElevadizo ; work         ;
;    |Buzzer:B1|             ; 37 (37)             ; 17 (17)                   ; 0           ; 0            ; 0       ; 0         ; 0    ; 0            ; |PuenteElevadizo|Buzzer:B1         ; Buzzer          ; work         ;
;    |Display:C1|            ; 26 (26)             ; 0 (0)                     ; 0           ; 0            ; 0       ; 0         ; 0    ; 0            ; |PuenteElevadizo|Display:C1        ; Display         ; work         ;
;    |Divisor:D1|            ; 17 (17)             ; 1 (1)                     ; 0           ; 0            ; 0       ; 0         ; 0    ; 0            ; |PuenteElevadizo|Divisor:D1        ; Divisor         ; work         ;
;    |Divisor:D2|            ; 25 (25)             ; 25 (25)                   ; 0           ; 0            ; 0       ; 0         ; 0    ; 0            ; |PuenteElevadizo|Divisor:D2        ; Divisor         ; work         ;
;    |Motor:M1|              ; 9 (9)               ; 6 (6)                     ; 0           ; 0            ; 0       ; 0         ; 0    ; 0            ; |PuenteElevadizo|Motor:M1          ; Motor           ; work         ;
;    |RGB:L1|                ; 57 (2)              ; 16 (3)                    ; 0           ; 0            ; 0       ; 0         ; 0    ; 0            ; |PuenteElevadizo|RGB:L1            ; RGB             ; work         ;
;       |Divisor:D1|         ; 10 (10)             ; 1 (1)                     ; 0           ; 0            ; 0       ; 0         ; 0    ; 0            ; |PuenteElevadizo|RGB:L1|Divisor:D1 ; Divisor         ; work         ;
;       |Divisor:D2|         ; 23 (23)             ; 1 (1)                     ; 0           ; 0            ; 0       ; 0         ; 0    ; 0            ; |PuenteElevadizo|RGB:L1|Divisor:D2 ; Divisor         ; work         ;
;       |PWM:P1|             ; 11 (11)             ; 9 (9)                     ; 0           ; 0            ; 0       ; 0         ; 0    ; 0            ; |PuenteElevadizo|RGB:L1|PWM:P1     ; PWM             ; work         ;
;       |PWM:P2|             ; 10 (10)             ; 1 (1)                     ; 0           ; 0            ; 0       ; 0         ; 0    ; 0            ; |PuenteElevadizo|RGB:L1|PWM:P2     ; PWM             ; work         ;
;       |PWM:P3|             ; 1 (1)               ; 1 (1)                     ; 0           ; 0            ; 0       ; 0         ; 0    ; 0            ; |PuenteElevadizo|RGB:L1|PWM:P3     ; PWM             ; work         ;
;    |sonicos:S1|            ; 96 (96)             ; 68 (68)                   ; 0           ; 0            ; 0       ; 0         ; 0    ; 0            ; |PuenteElevadizo|sonicos:S1        ; sonicos         ; work         ;
;    |sonicos:S2|            ; 96 (96)             ; 68 (68)                   ; 0           ; 0            ; 0       ; 0         ; 0    ; 0            ; |PuenteElevadizo|sonicos:S2        ; sonicos         ; work         ;
+----------------------------+---------------------+---------------------------+-------------+--------------+---------+-----------+------+--------------+------------------------------------+-----------------+--------------+
Note: For table entries with two numbers listed, the numbers in parentheses indicate the number of resources of the given type used by the specific entity alone. The numbers listed outside of parentheses indicate the total resources of the given type used by the specific entity and all of its sub-entities in the hierarchy.


Encoding Type:  One-Hot
+-------------------------------------------------------------------------------------------------------------------------------------------------------------+
; State Machine - |PuenteElevadizo|Motor:M1|pres_S                                                                                                            ;
+-------------+-------------+------------+------------+------------+------------+------------+------------+------------+------------+------------+------------+
; Name        ; pres_S.sm10 ; pres_S.sm9 ; pres_S.sm8 ; pres_S.sm7 ; pres_S.sm6 ; pres_S.sm5 ; pres_S.sm4 ; pres_S.sm3 ; pres_S.sm2 ; pres_S.sm1 ; pres_S.sm0 ;
+-------------+-------------+------------+------------+------------+------------+------------+------------+------------+------------+------------+------------+
; pres_S.sm0  ; 0           ; 0          ; 0          ; 0          ; 0          ; 0          ; 0          ; 0          ; 0          ; 0          ; 0          ;
; pres_S.sm1  ; 0           ; 0          ; 0          ; 0          ; 0          ; 0          ; 0          ; 0          ; 0          ; 1          ; 1          ;
; pres_S.sm2  ; 0           ; 0          ; 0          ; 0          ; 0          ; 0          ; 0          ; 0          ; 1          ; 0          ; 1          ;
; pres_S.sm3  ; 0           ; 0          ; 0          ; 0          ; 0          ; 0          ; 0          ; 1          ; 0          ; 0          ; 1          ;
; pres_S.sm4  ; 0           ; 0          ; 0          ; 0          ; 0          ; 0          ; 1          ; 0          ; 0          ; 0          ; 1          ;
; pres_S.sm5  ; 0           ; 0          ; 0          ; 0          ; 0          ; 1          ; 0          ; 0          ; 0          ; 0          ; 1          ;
; pres_S.sm6  ; 0           ; 0          ; 0          ; 0          ; 1          ; 0          ; 0          ; 0          ; 0          ; 0          ; 1          ;
; pres_S.sm7  ; 0           ; 0          ; 0          ; 1          ; 0          ; 0          ; 0          ; 0          ; 0          ; 0          ; 1          ;
; pres_S.sm8  ; 0           ; 0          ; 1          ; 0          ; 0          ; 0          ; 0          ; 0          ; 0          ; 0          ; 1          ;
; pres_S.sm9  ; 0           ; 1          ; 0          ; 0          ; 0          ; 0          ; 0          ; 0          ; 0          ; 0          ; 1          ;
; pres_S.sm10 ; 1           ; 0          ; 0          ; 0          ; 0          ; 0          ; 0          ; 0          ; 0          ; 0          ; 1          ;
+-------------+-------------+------------+------------+------------+------------+------------+------------+------------+------------+------------+------------+


+---------------------------------------------------------------------------------------------------+
; User-Specified and Inferred Latches                                                               ;
+----------------------------------------------------+---------------------+------------------------+
; Latch Name                                         ; Latch Enable Signal ; Free of Timing Hazards ;
+----------------------------------------------------+---------------------+------------------------+
; senal[0]                                           ; GND                 ; yes                    ;
; senal[1]                                           ; LessThan1           ; yes                    ;
; UD                                                 ; GND                 ; yes                    ;
; inicioContador                                     ; inicioContador      ; yes                    ;
; reinicioContador                                   ; GND                 ; yes                    ;
; Number of user-specified and inferred latches = 5  ;                     ;                        ;
+----------------------------------------------------+---------------------+------------------------+
Note: All latches listed above may not be present at the end of synthesis due to various synthesis optimizations.


+----------------------------------------------------------------------------------+
; Registers Removed During Synthesis                                               ;
+-----------------------------------------+----------------------------------------+
; Register name                           ; Reason for Removal                     ;
+-----------------------------------------+----------------------------------------+
; decenas[1..9,11..31]                    ; Merged with decenas[10]                ;
; RGB:L1|PWM:P2|cuenta[7]                 ; Merged with RGB:L1|PWM:P1|cuenta[7]    ;
; RGB:L1|PWM:P3|cuenta[7]                 ; Merged with RGB:L1|PWM:P1|cuenta[7]    ;
; RGB:L1|PWM:P2|cuenta[6]                 ; Merged with RGB:L1|PWM:P1|cuenta[6]    ;
; RGB:L1|PWM:P3|cuenta[6]                 ; Merged with RGB:L1|PWM:P1|cuenta[6]    ;
; RGB:L1|PWM:P2|cuenta[5]                 ; Merged with RGB:L1|PWM:P1|cuenta[5]    ;
; RGB:L1|PWM:P3|cuenta[5]                 ; Merged with RGB:L1|PWM:P1|cuenta[5]    ;
; RGB:L1|PWM:P2|cuenta[4]                 ; Merged with RGB:L1|PWM:P1|cuenta[4]    ;
; RGB:L1|PWM:P3|cuenta[4]                 ; Merged with RGB:L1|PWM:P1|cuenta[4]    ;
; RGB:L1|PWM:P2|cuenta[3]                 ; Merged with RGB:L1|PWM:P1|cuenta[3]    ;
; RGB:L1|PWM:P3|cuenta[3]                 ; Merged with RGB:L1|PWM:P1|cuenta[3]    ;
; RGB:L1|PWM:P2|cuenta[2]                 ; Merged with RGB:L1|PWM:P1|cuenta[2]    ;
; RGB:L1|PWM:P3|cuenta[2]                 ; Merged with RGB:L1|PWM:P1|cuenta[2]    ;
; RGB:L1|PWM:P2|cuenta[1]                 ; Merged with RGB:L1|PWM:P1|cuenta[1]    ;
; RGB:L1|PWM:P3|cuenta[1]                 ; Merged with RGB:L1|PWM:P1|cuenta[1]    ;
; RGB:L1|PWM:P2|cuenta[0]                 ; Merged with RGB:L1|PWM:P1|cuenta[0]    ;
; RGB:L1|PWM:P3|cuenta[0]                 ; Merged with RGB:L1|PWM:P1|cuenta[0]    ;
; RGB:L1|a1[1..7]                         ; Merged with RGB:L1|a1[0]               ;
; RGB:L1|a2[1..7]                         ; Merged with RGB:L1|a2[0]               ;
; RGB:L1|a3[1..7]                         ; Merged with RGB:L1|a3[0]               ;
; RGB:L1|Divisor:D1|cuenta[0]             ; Merged with Divisor:D2|cuenta[0]       ;
; RGB:L1|Divisor:D2|cuenta[0]             ; Merged with Divisor:D2|cuenta[0]       ;
; Divisor:D1|cuenta[0]                    ; Merged with Divisor:D2|cuenta[0]       ;
; Divisor:D1|cuenta[1]                    ; Merged with Divisor:D2|cuenta[1]       ;
; RGB:L1|Divisor:D1|cuenta[1]             ; Merged with Divisor:D2|cuenta[1]       ;
; RGB:L1|Divisor:D2|cuenta[1]             ; Merged with Divisor:D2|cuenta[1]       ;
; Divisor:D1|cuenta[2]                    ; Merged with Divisor:D2|cuenta[2]       ;
; RGB:L1|Divisor:D1|cuenta[2]             ; Merged with Divisor:D2|cuenta[2]       ;
; RGB:L1|Divisor:D2|cuenta[2]             ; Merged with Divisor:D2|cuenta[2]       ;
; RGB:L1|Divisor:D2|cuenta[3]             ; Merged with Divisor:D2|cuenta[3]       ;
; Divisor:D1|cuenta[3]                    ; Merged with Divisor:D2|cuenta[3]       ;
; RGB:L1|Divisor:D1|cuenta[3]             ; Merged with Divisor:D2|cuenta[3]       ;
; RGB:L1|Divisor:D2|cuenta[4]             ; Merged with Divisor:D2|cuenta[4]       ;
; RGB:L1|Divisor:D1|cuenta[4]             ; Merged with Divisor:D2|cuenta[4]       ;
; Divisor:D1|cuenta[4]                    ; Merged with Divisor:D2|cuenta[4]       ;
; RGB:L1|Divisor:D1|cuenta[5]             ; Merged with Divisor:D2|cuenta[5]       ;
; RGB:L1|Divisor:D2|cuenta[5]             ; Merged with Divisor:D2|cuenta[5]       ;
; Divisor:D1|cuenta[5]                    ; Merged with Divisor:D2|cuenta[5]       ;
; RGB:L1|Divisor:D1|cuenta[6]             ; Merged with Divisor:D2|cuenta[6]       ;
; RGB:L1|Divisor:D2|cuenta[6]             ; Merged with Divisor:D2|cuenta[6]       ;
; Divisor:D1|cuenta[6]                    ; Merged with Divisor:D2|cuenta[6]       ;
; RGB:L1|Divisor:D2|cuenta[7]             ; Merged with Divisor:D2|cuenta[7]       ;
; RGB:L1|Divisor:D1|cuenta[7]             ; Merged with Divisor:D2|cuenta[7]       ;
; Divisor:D1|cuenta[7]                    ; Merged with Divisor:D2|cuenta[7]       ;
; RGB:L1|Divisor:D1|cuenta[8]             ; Merged with Divisor:D2|cuenta[8]       ;
; RGB:L1|Divisor:D2|cuenta[8]             ; Merged with Divisor:D2|cuenta[8]       ;
; Divisor:D1|cuenta[8]                    ; Merged with Divisor:D2|cuenta[8]       ;
; RGB:L1|Divisor:D2|cuenta[9]             ; Merged with Divisor:D2|cuenta[9]       ;
; Divisor:D1|cuenta[9]                    ; Merged with Divisor:D2|cuenta[9]       ;
; RGB:L1|Divisor:D1|cuenta[9]             ; Merged with Divisor:D2|cuenta[9]       ;
; Divisor:D1|cuenta[10]                   ; Merged with Divisor:D2|cuenta[10]      ;
; RGB:L1|Divisor:D2|cuenta[10]            ; Merged with Divisor:D2|cuenta[10]      ;
; RGB:L1|Divisor:D2|cuenta[11]            ; Merged with Divisor:D2|cuenta[11]      ;
; Divisor:D1|cuenta[11]                   ; Merged with Divisor:D2|cuenta[11]      ;
; Divisor:D1|cuenta[12]                   ; Merged with Divisor:D2|cuenta[12]      ;
; RGB:L1|Divisor:D2|cuenta[12]            ; Merged with Divisor:D2|cuenta[12]      ;
; Divisor:D1|cuenta[13]                   ; Merged with Divisor:D2|cuenta[13]      ;
; RGB:L1|Divisor:D2|cuenta[13]            ; Merged with Divisor:D2|cuenta[13]      ;
; RGB:L1|Divisor:D2|cuenta[14]            ; Merged with Divisor:D2|cuenta[14]      ;
; Divisor:D1|cuenta[14]                   ; Merged with Divisor:D2|cuenta[14]      ;
; RGB:L1|Divisor:D2|cuenta[15]            ; Merged with Divisor:D2|cuenta[15]      ;
; Divisor:D1|cuenta[15]                   ; Merged with Divisor:D2|cuenta[15]      ;
; Divisor:D1|cuenta[16]                   ; Merged with Divisor:D2|cuenta[16]      ;
; RGB:L1|Divisor:D2|cuenta[16]            ; Merged with Divisor:D2|cuenta[16]      ;
; RGB:L1|Divisor:D2|cuenta[17]            ; Merged with Divisor:D2|cuenta[17]      ;
; RGB:L1|Divisor:D2|cuenta[18]            ; Merged with Divisor:D2|cuenta[18]      ;
; RGB:L1|Divisor:D2|cuenta[19]            ; Merged with Divisor:D2|cuenta[19]      ;
; RGB:L1|Divisor:D2|cuenta[20]            ; Merged with Divisor:D2|cuenta[20]      ;
; RGB:L1|Divisor:D2|cuenta[21]            ; Merged with Divisor:D2|cuenta[21]      ;
; RGB:L1|Divisor:D2|cuenta[22]            ; Merged with Divisor:D2|cuenta[22]      ;
; sonicos:S1|sal_cm[0]                    ; Lost fanout                            ;
; sonicos:S1|sal_unid[0]                  ; Lost fanout                            ;
; sonicos:S2|sal_cm[0]                    ; Lost fanout                            ;
; sonicos:S2|sal_unid[0]                  ; Lost fanout                            ;
; Motor:M1|pres_S.sm3                     ; Stuck at GND due to stuck port data_in ;
; Motor:M1|pres_S.sm5                     ; Stuck at GND due to stuck port data_in ;
; Motor:M1|pres_S.sm7                     ; Stuck at GND due to stuck port data_in ;
; Motor:M1|pres_S.sm9                     ; Stuck at GND due to stuck port data_in ;
; Motor:M1|pres_S.sm10                    ; Stuck at GND due to stuck port data_in ;
; Divisor:D1|cuenta[18..27]               ; Lost fanout                            ;
; Divisor:D2|cuenta[25..27]               ; Lost fanout                            ;
; RGB:L1|Divisor:D1|cuenta[11..27]        ; Lost fanout                            ;
; RGB:L1|Divisor:D2|cuenta[24..27]        ; Lost fanout                            ;
; Total Number of Removed Registers = 160 ;                                        ;
+-----------------------------------------+----------------------------------------+


+------------------------------------------------------------------------------------+
; Removed Registers Triggering Further Register Optimizations                        ;
+----------------------+--------------------+----------------------------------------+
; Register name        ; Reason for Removal ; Registers Removed due to This Register ;
+----------------------+--------------------+----------------------------------------+
; sonicos:S1|sal_cm[0] ; Lost Fanouts       ; sonicos:S1|sal_unid[0]                 ;
; sonicos:S2|sal_cm[0] ; Lost Fanouts       ; sonicos:S2|sal_unid[0]                 ;
+----------------------+--------------------+----------------------------------------+


+------------------------------------------------------+
; General Register Statistics                          ;
+----------------------------------------------+-------+
; Statistic                                    ; Value ;
+----------------------------------------------+-------+
; Total registers                              ; 249   ;
; Number of registers using Synchronous Clear  ; 78    ;
; Number of registers using Synchronous Load   ; 0     ;
; Number of registers using Asynchronous Clear ; 41    ;
; Number of registers using Asynchronous Load  ; 0     ;
; Number of registers using Clock Enable       ; 140   ;
; Number of registers using Preset             ; 0     ;
+----------------------------------------------+-------+


+--------------------------------------------------+
; Inverted Register Statistics                     ;
+----------------------------------------+---------+
; Inverted Register                      ; Fan out ;
+----------------------------------------+---------+
; RGB:L1|a1[0]                           ; 1       ;
; RGB:L1|a2[0]                           ; 1       ;
; RGB:L1|a3[0]                           ; 1       ;
; Total number of inverted registers = 3 ;         ;
+----------------------------------------+---------+


+---------------------------------------------------------------------------------------------------------------------------------------------------------------+
; Multiplexer Restructuring Statistics (Restructuring Performed)                                                                                                ;
+--------------------+-----------+---------------+----------------------+------------------------+------------+-------------------------------------------------+
; Multiplexer Inputs ; Bus Width ; Baseline Area ; Area if Restructured ; Saving if Restructured ; Registered ; Example Multiplexer Output                      ;
+--------------------+-----------+---------------+----------------------+------------------------+------------+-------------------------------------------------+
; 3:1                ; 16 bits   ; 32 LEs        ; 16 LEs               ; 16 LEs                 ; Yes        ; |PuenteElevadizo|sonicos:S1|centimetros[15]     ;
; 3:1                ; 16 bits   ; 32 LEs        ; 16 LEs               ; 16 LEs                 ; Yes        ; |PuenteElevadizo|sonicos:S2|centimetros[4]      ;
; 3:1                ; 4 bits    ; 8 LEs         ; 4 LEs                ; 4 LEs                  ; Yes        ; |PuenteElevadizo|sonicos:S1|centimetros_cent[3] ;
; 3:1                ; 4 bits    ; 8 LEs         ; 4 LEs                ; 4 LEs                  ; Yes        ; |PuenteElevadizo|sonicos:S2|centimetros_cent[3] ;
; 4:1                ; 4 bits    ; 8 LEs         ; 4 LEs                ; 4 LEs                  ; Yes        ; |PuenteElevadizo|sonicos:S1|centimetros_dece[3] ;
; 4:1                ; 4 bits    ; 8 LEs         ; 4 LEs                ; 4 LEs                  ; Yes        ; |PuenteElevadizo|sonicos:S1|centimetros_unid[2] ;
; 4:1                ; 4 bits    ; 8 LEs         ; 4 LEs                ; 4 LEs                  ; Yes        ; |PuenteElevadizo|sonicos:S2|centimetros_dece[3] ;
; 4:1                ; 4 bits    ; 8 LEs         ; 4 LEs                ; 4 LEs                  ; Yes        ; |PuenteElevadizo|sonicos:S2|centimetros_unid[1] ;
; 6:1                ; 17 bits   ; 68 LEs        ; 17 LEs               ; 51 LEs                 ; Yes        ; |PuenteElevadizo|sonicos:S1|cuenta[13]          ;
; 6:1                ; 17 bits   ; 68 LEs        ; 17 LEs               ; 51 LEs                 ; Yes        ; |PuenteElevadizo|sonicos:S2|cuenta[1]           ;
; 4:1                ; 2 bits    ; 4 LEs         ; 2 LEs                ; 2 LEs                  ; Yes        ; |PuenteElevadizo|decenas[10]                    ;
; 4:1                ; 32 bits   ; 64 LEs        ; 64 LEs               ; 0 LEs                  ; Yes        ; |PuenteElevadizo|unidades[26]                   ;
; 5:1                ; 3 bits    ; 9 LEs         ; 6 LEs                ; 3 LEs                  ; No         ; |PuenteElevadizo|Display:C1|segmento_unid[6]    ;
; 8:1                ; 2 bits    ; 10 LEs        ; 8 LEs                ; 2 LEs                  ; No         ; |PuenteElevadizo|Display:C1|segmento_unid[3]    ;
+--------------------+-----------+---------------+----------------------+------------------------+------------+-------------------------------------------------+


+----------------------------------------------------------------+
; Parameter Settings for User Entity Instance: RGB:L1|Divisor:D1 ;
+----------------+-------+---------------------------------------+
; Parameter Name ; Value ; Type                                  ;
+----------------+-------+---------------------------------------+
; n              ; 10    ; Signed Integer                        ;
+----------------+-------+---------------------------------------+
Note: In order to hide this table in the UI and the text report file, please set the "Show Parameter Settings in Synthesis Report" option in "Analysis and Synthesis Settings -> More Settings" to "Off".


+----------------------------------------------------------------+
; Parameter Settings for User Entity Instance: RGB:L1|Divisor:D2 ;
+----------------+-------+---------------------------------------+
; Parameter Name ; Value ; Type                                  ;
+----------------+-------+---------------------------------------+
; n              ; 23    ; Signed Integer                        ;
+----------------+-------+---------------------------------------+
Note: In order to hide this table in the UI and the text report file, please set the "Show Parameter Settings in Synthesis Report" option in "Analysis and Synthesis Settings -> More Settings" to "Off".


+---------------------------------------------------------+
; Parameter Settings for User Entity Instance: Divisor:D1 ;
+----------------+-------+--------------------------------+
; Parameter Name ; Value ; Type                           ;
+----------------+-------+--------------------------------+
; n              ; 17    ; Signed Integer                 ;
+----------------+-------+--------------------------------+
Note: In order to hide this table in the UI and the text report file, please set the "Show Parameter Settings in Synthesis Report" option in "Analysis and Synthesis Settings -> More Settings" to "Off".


+---------------------------------------------------------+
; Parameter Settings for User Entity Instance: Divisor:D2 ;
+----------------+-------+--------------------------------+
; Parameter Name ; Value ; Type                           ;
+----------------+-------+--------------------------------+
; n              ; 24    ; Signed Integer                 ;
+----------------+-------+--------------------------------+
Note: In order to hide this table in the UI and the text report file, please set the "Show Parameter Settings in Synthesis Report" option in "Analysis and Synthesis Settings -> More Settings" to "Off".


+-----------------------------------------+
; Port Connectivity Checks: "Motor:M1"    ;
+-------+-------+----------+--------------+
; Port  ; Type  ; Severity ; Details      ;
+-------+-------+----------+--------------+
; fh[1] ; Input ; Info     ; Stuck at GND ;
; fh[0] ; Input ; Info     ; Stuck at VCC ;
+-------+-------+----------+--------------+


+------------------------------------------------+
; Port Connectivity Checks: "RGB:L1"             ;
+--------------+-------+----------+--------------+
; Port         ; Type  ; Severity ; Details      ;
+--------------+-------+----------+--------------+
; color[31..2] ; Input ; Info     ; Stuck at GND ;
+--------------+-------+----------+--------------+


+------------------------------------------+
; Port Connectivity Checks: "sonicos:S2"   ;
+--------+-------+----------+--------------+
; Port   ; Type  ; Severity ; Details      ;
+--------+-------+----------+--------------+
; inicio ; Input ; Info     ; Stuck at GND ;
+--------+-------+----------+--------------+


+------------------------------------------+
; Port Connectivity Checks: "sonicos:S1"   ;
+--------+-------+----------+--------------+
; Port   ; Type  ; Severity ; Details      ;
+--------+-------+----------+--------------+
; inicio ; Input ; Info     ; Stuck at GND ;
+--------+-------+----------+--------------+


+-------------------------------------------------+
; Port Connectivity Checks: "Buzzer:B1"           ;
+---------------+-------+----------+--------------+
; Port          ; Type  ; Severity ; Details      ;
+---------------+-------+----------+--------------+
; inicio[31..2] ; Input ; Info     ; Stuck at GND ;
+---------------+-------+----------+--------------+


+-----------------------------------------------------+
; Post-Synthesis Netlist Statistics for Top Partition ;
+-----------------------+-----------------------------+
; Type                  ; Count                       ;
+-----------------------+-----------------------------+
; boundary_port         ; 29                          ;
; cycloneiii_ff         ; 249                         ;
;     CLR               ; 39                          ;
;     ENA               ; 60                          ;
;     ENA CLR           ; 2                           ;
;     ENA SCLR          ; 78                          ;
;     plain             ; 70                          ;
; cycloneiii_lcell_comb ; 571                         ;
;     arith             ; 225                         ;
;         2 data inputs ; 202                         ;
;         3 data inputs ; 23                          ;
;     normal            ; 346                         ;
;         0 data inputs ; 1                           ;
;         1 data inputs ; 22                          ;
;         2 data inputs ; 40                          ;
;         3 data inputs ; 106                         ;
;         4 data inputs ; 177                         ;
;                       ;                             ;
; Max LUT depth         ; 6.00                        ;
; Average LUT depth     ; 2.88                        ;
+-----------------------+-----------------------------+


+-------------------------------+
; Elapsed Time Per Partition    ;
+----------------+--------------+
; Partition Name ; Elapsed Time ;
+----------------+--------------+
; Top            ; 00:00:02     ;
+----------------+--------------+


+-------------------------------+
; Analysis & Synthesis Messages ;
+-------------------------------+
Info: *******************************************************************
Info: Running Quartus Prime Analysis & Synthesis
    Info: Version 20.1.1 Build 720 11/11/2020 SJ Lite Edition
    Info: Processing started: Thu Dec 16 00:34:49 2021
Info: Command: quartus_map --read_settings_files=on --write_settings_files=off PuenteElevadizo -c PuenteElevadizo
Warning (18236): Number of processors has not been specified which may cause overloading on shared machines.  Set the global assignment NUM_PARALLEL_PROCESSORS in your QSF to an appropriate value for best performance.
Info (20030): Parallel compilation is enabled and will use 4 of the 4 processors detected
Info (12021): Found 2 design units, including 1 entities, in source file divisor.vhd
    Info (12022): Found design unit 1: Divisor-Behavioral File: C:/Users/pc/OneDrive/Documents/Dev/DD/ProyectoVLSI/Divisor.vhd Line: 12
    Info (12023): Found entity 1: Divisor File: C:/Users/pc/OneDrive/Documents/Dev/DD/ProyectoVLSI/Divisor.vhd Line: 6
Info (12021): Found 2 design units, including 1 entities, in source file pwm.vhd
    Info (12022): Found design unit 1: PWM-Behavioral File: C:/Users/pc/OneDrive/Documents/Dev/DD/ProyectoVLSI/PWM.vhd Line: 15
    Info (12023): Found entity 1: PWM File: C:/Users/pc/OneDrive/Documents/Dev/DD/ProyectoVLSI/PWM.vhd Line: 6
Info (12021): Found 2 design units, including 1 entities, in source file sonicos.vhd
    Info (12022): Found design unit 1: sonicos-behavioral File: C:/Users/pc/OneDrive/Documents/Dev/DD/ProyectoVLSI/sonicos.vhd Line: 17
    Info (12023): Found entity 1: sonicos File: C:/Users/pc/OneDrive/Documents/Dev/DD/ProyectoVLSI/sonicos.vhd Line: 5
Info (12021): Found 2 design units, including 1 entities, in source file puenteelevadizo.vhd
    Info (12022): Found design unit 1: PuenteElevadizo-behavioral File: C:/Users/pc/OneDrive/Documents/Dev/DD/ProyectoVLSI/PuenteElevadizo.vhd Line: 31
    Info (12023): Found entity 1: PuenteElevadizo File: C:/Users/pc/OneDrive/Documents/Dev/DD/ProyectoVLSI/PuenteElevadizo.vhd Line: 6
Info (12021): Found 2 design units, including 1 entities, in source file rgb.vhd
    Info (12022): Found design unit 1: RGB-Behavioral File: C:/Users/pc/OneDrive/Documents/Dev/DD/ProyectoVLSI/RGB.vhd Line: 16
    Info (12023): Found entity 1: RGB File: C:/Users/pc/OneDrive/Documents/Dev/DD/ProyectoVLSI/RGB.vhd Line: 6
Info (12021): Found 2 design units, including 1 entities, in source file buzzer.vhd
    Info (12022): Found design unit 1: Buzzer-Behavioral File: C:/Users/pc/OneDrive/Documents/Dev/DD/ProyectoVLSI/Buzzer.vhd Line: 15
    Info (12023): Found entity 1: Buzzer File: C:/Users/pc/OneDrive/Documents/Dev/DD/ProyectoVLSI/Buzzer.vhd Line: 6
Info (12021): Found 2 design units, including 1 entities, in source file motor.vhd
    Info (12022): Found design unit 1: Motor-behavioral File: C:/Users/pc/OneDrive/Documents/Dev/DD/ProyectoVLSI/Motor.vhd Line: 15
    Info (12023): Found entity 1: Motor File: C:/Users/pc/OneDrive/Documents/Dev/DD/ProyectoVLSI/Motor.vhd Line: 6
Info (12021): Found 2 design units, including 1 entities, in source file display.vhd
    Info (12022): Found design unit 1: Display-behavioral File: C:/Users/pc/OneDrive/Documents/Dev/DD/ProyectoVLSI/Display.vhd Line: 14
    Info (12023): Found entity 1: Display File: C:/Users/pc/OneDrive/Documents/Dev/DD/ProyectoVLSI/Display.vhd Line: 5
Info (12127): Elaborating entity "PuenteElevadizo" for the top level hierarchy
Warning (10540): VHDL Signal Declaration warning at PuenteElevadizo.vhd(95): used explicit default value for signal "inicio" because signal was never assigned a value File: C:/Users/pc/OneDrive/Documents/Dev/DD/ProyectoVLSI/PuenteElevadizo.vhd Line: 95
Warning (10540): VHDL Signal Declaration warning at PuenteElevadizo.vhd(106): used explicit default value for signal "FH" because signal was never assigned a value File: C:/Users/pc/OneDrive/Documents/Dev/DD/ProyectoVLSI/PuenteElevadizo.vhd Line: 106
Warning (10492): VHDL Process Statement warning at PuenteElevadizo.vhd(143): signal "distanciaSalida" is read inside the Process Statement but isn't in the Process Statement's sensitivity list File: C:/Users/pc/OneDrive/Documents/Dev/DD/ProyectoVLSI/PuenteElevadizo.vhd Line: 143
Warning (10492): VHDL Process Statement warning at PuenteElevadizo.vhd(148): signal "senalSalida" is read inside the Process Statement but isn't in the Process Statement's sensitivity list File: C:/Users/pc/OneDrive/Documents/Dev/DD/ProyectoVLSI/PuenteElevadizo.vhd Line: 148
Warning (10631): VHDL Process Statement warning at PuenteElevadizo.vhd(134): inferring latch(es) for signal or variable "senal", which holds its previous value in one or more paths through the process File: C:/Users/pc/OneDrive/Documents/Dev/DD/ProyectoVLSI/PuenteElevadizo.vhd Line: 134
Warning (10631): VHDL Process Statement warning at PuenteElevadizo.vhd(134): inferring latch(es) for signal or variable "reinicioContador", which holds its previous value in one or more paths through the process File: C:/Users/pc/OneDrive/Documents/Dev/DD/ProyectoVLSI/PuenteElevadizo.vhd Line: 134
Warning (10631): VHDL Process Statement warning at PuenteElevadizo.vhd(134): inferring latch(es) for signal or variable "inicioContador", which holds its previous value in one or more paths through the process File: C:/Users/pc/OneDrive/Documents/Dev/DD/ProyectoVLSI/PuenteElevadizo.vhd Line: 134
Warning (10492): VHDL Process Statement warning at PuenteElevadizo.vhd(162): signal "inicioContador" is read inside the Process Statement but isn't in the Process Statement's sensitivity list File: C:/Users/pc/OneDrive/Documents/Dev/DD/ProyectoVLSI/PuenteElevadizo.vhd Line: 162
Warning (10492): VHDL Process Statement warning at PuenteElevadizo.vhd(162): signal "reinicioContador" is read inside the Process Statement but isn't in the Process Statement's sensitivity list File: C:/Users/pc/OneDrive/Documents/Dev/DD/ProyectoVLSI/PuenteElevadizo.vhd Line: 162
Warning (10492): VHDL Process Statement warning at PuenteElevadizo.vhd(180): signal "senal" is read inside the Process Statement but isn't in the Process Statement's sensitivity list File: C:/Users/pc/OneDrive/Documents/Dev/DD/ProyectoVLSI/PuenteElevadizo.vhd Line: 180
Warning (10492): VHDL Process Statement warning at PuenteElevadizo.vhd(191): signal "senal" is read inside the Process Statement but isn't in the Process Statement's sensitivity list File: C:/Users/pc/OneDrive/Documents/Dev/DD/ProyectoVLSI/PuenteElevadizo.vhd Line: 191
Warning (10492): VHDL Process Statement warning at PuenteElevadizo.vhd(193): signal "senal" is read inside the Process Statement but isn't in the Process Statement's sensitivity list File: C:/Users/pc/OneDrive/Documents/Dev/DD/ProyectoVLSI/PuenteElevadizo.vhd Line: 193
Warning (10631): VHDL Process Statement warning at PuenteElevadizo.vhd(189): inferring latch(es) for signal or variable "UD", which holds its previous value in one or more paths through the process File: C:/Users/pc/OneDrive/Documents/Dev/DD/ProyectoVLSI/PuenteElevadizo.vhd Line: 189
Info (10041): Inferred latch for "UD" at PuenteElevadizo.vhd(189) File: C:/Users/pc/OneDrive/Documents/Dev/DD/ProyectoVLSI/PuenteElevadizo.vhd Line: 189
Info (10041): Inferred latch for "inicioContador" at PuenteElevadizo.vhd(134) File: C:/Users/pc/OneDrive/Documents/Dev/DD/ProyectoVLSI/PuenteElevadizo.vhd Line: 134
Info (10041): Inferred latch for "reinicioContador" at PuenteElevadizo.vhd(134) File: C:/Users/pc/OneDrive/Documents/Dev/DD/ProyectoVLSI/PuenteElevadizo.vhd Line: 134
Info (10041): Inferred latch for "senal[0]" at PuenteElevadizo.vhd(134) File: C:/Users/pc/OneDrive/Documents/Dev/DD/ProyectoVLSI/PuenteElevadizo.vhd Line: 134
Info (10041): Inferred latch for "senal[1]" at PuenteElevadizo.vhd(134) File: C:/Users/pc/OneDrive/Documents/Dev/DD/ProyectoVLSI/PuenteElevadizo.vhd Line: 134
Info (10041): Inferred latch for "senal[2]" at PuenteElevadizo.vhd(134) File: C:/Users/pc/OneDrive/Documents/Dev/DD/ProyectoVLSI/PuenteElevadizo.vhd Line: 134
Info (10041): Inferred latch for "senal[3]" at PuenteElevadizo.vhd(134) File: C:/Users/pc/OneDrive/Documents/Dev/DD/ProyectoVLSI/PuenteElevadizo.vhd Line: 134
Info (10041): Inferred latch for "senal[4]" at PuenteElevadizo.vhd(134) File: C:/Users/pc/OneDrive/Documents/Dev/DD/ProyectoVLSI/PuenteElevadizo.vhd Line: 134
Info (10041): Inferred latch for "senal[5]" at PuenteElevadizo.vhd(134) File: C:/Users/pc/OneDrive/Documents/Dev/DD/ProyectoVLSI/PuenteElevadizo.vhd Line: 134
Info (10041): Inferred latch for "senal[6]" at PuenteElevadizo.vhd(134) File: C:/Users/pc/OneDrive/Documents/Dev/DD/ProyectoVLSI/PuenteElevadizo.vhd Line: 134
Info (10041): Inferred latch for "senal[7]" at PuenteElevadizo.vhd(134) File: C:/Users/pc/OneDrive/Documents/Dev/DD/ProyectoVLSI/PuenteElevadizo.vhd Line: 134
Info (10041): Inferred latch for "senal[8]" at PuenteElevadizo.vhd(134) File: C:/Users/pc/OneDrive/Documents/Dev/DD/ProyectoVLSI/PuenteElevadizo.vhd Line: 134
Info (10041): Inferred latch for "senal[9]" at PuenteElevadizo.vhd(134) File: C:/Users/pc/OneDrive/Documents/Dev/DD/ProyectoVLSI/PuenteElevadizo.vhd Line: 134
Info (10041): Inferred latch for "senal[10]" at PuenteElevadizo.vhd(134) File: C:/Users/pc/OneDrive/Documents/Dev/DD/ProyectoVLSI/PuenteElevadizo.vhd Line: 134
Info (10041): Inferred latch for "senal[11]" at PuenteElevadizo.vhd(134) File: C:/Users/pc/OneDrive/Documents/Dev/DD/ProyectoVLSI/PuenteElevadizo.vhd Line: 134
Info (10041): Inferred latch for "senal[12]" at PuenteElevadizo.vhd(134) File: C:/Users/pc/OneDrive/Documents/Dev/DD/ProyectoVLSI/PuenteElevadizo.vhd Line: 134
Info (10041): Inferred latch for "senal[13]" at PuenteElevadizo.vhd(134) File: C:/Users/pc/OneDrive/Documents/Dev/DD/ProyectoVLSI/PuenteElevadizo.vhd Line: 134
Info (10041): Inferred latch for "senal[14]" at PuenteElevadizo.vhd(134) File: C:/Users/pc/OneDrive/Documents/Dev/DD/ProyectoVLSI/PuenteElevadizo.vhd Line: 134
Info (10041): Inferred latch for "senal[15]" at PuenteElevadizo.vhd(134) File: C:/Users/pc/OneDrive/Documents/Dev/DD/ProyectoVLSI/PuenteElevadizo.vhd Line: 134
Info (10041): Inferred latch for "senal[16]" at PuenteElevadizo.vhd(134) File: C:/Users/pc/OneDrive/Documents/Dev/DD/ProyectoVLSI/PuenteElevadizo.vhd Line: 134
Info (10041): Inferred latch for "senal[17]" at PuenteElevadizo.vhd(134) File: C:/Users/pc/OneDrive/Documents/Dev/DD/ProyectoVLSI/PuenteElevadizo.vhd Line: 134
Info (10041): Inferred latch for "senal[18]" at PuenteElevadizo.vhd(134) File: C:/Users/pc/OneDrive/Documents/Dev/DD/ProyectoVLSI/PuenteElevadizo.vhd Line: 134
Info (10041): Inferred latch for "senal[19]" at PuenteElevadizo.vhd(134) File: C:/Users/pc/OneDrive/Documents/Dev/DD/ProyectoVLSI/PuenteElevadizo.vhd Line: 134
Info (10041): Inferred latch for "senal[20]" at PuenteElevadizo.vhd(134) File: C:/Users/pc/OneDrive/Documents/Dev/DD/ProyectoVLSI/PuenteElevadizo.vhd Line: 134
Info (10041): Inferred latch for "senal[21]" at PuenteElevadizo.vhd(134) File: C:/Users/pc/OneDrive/Documents/Dev/DD/ProyectoVLSI/PuenteElevadizo.vhd Line: 134
Info (10041): Inferred latch for "senal[22]" at PuenteElevadizo.vhd(134) File: C:/Users/pc/OneDrive/Documents/Dev/DD/ProyectoVLSI/PuenteElevadizo.vhd Line: 134
Info (10041): Inferred latch for "senal[23]" at PuenteElevadizo.vhd(134) File: C:/Users/pc/OneDrive/Documents/Dev/DD/ProyectoVLSI/PuenteElevadizo.vhd Line: 134
Info (10041): Inferred latch for "senal[24]" at PuenteElevadizo.vhd(134) File: C:/Users/pc/OneDrive/Documents/Dev/DD/ProyectoVLSI/PuenteElevadizo.vhd Line: 134
Info (10041): Inferred latch for "senal[25]" at PuenteElevadizo.vhd(134) File: C:/Users/pc/OneDrive/Documents/Dev/DD/ProyectoVLSI/PuenteElevadizo.vhd Line: 134
Info (10041): Inferred latch for "senal[26]" at PuenteElevadizo.vhd(134) File: C:/Users/pc/OneDrive/Documents/Dev/DD/ProyectoVLSI/PuenteElevadizo.vhd Line: 134
Info (10041): Inferred latch for "senal[27]" at PuenteElevadizo.vhd(134) File: C:/Users/pc/OneDrive/Documents/Dev/DD/ProyectoVLSI/PuenteElevadizo.vhd Line: 134
Info (10041): Inferred latch for "senal[28]" at PuenteElevadizo.vhd(134) File: C:/Users/pc/OneDrive/Documents/Dev/DD/ProyectoVLSI/PuenteElevadizo.vhd Line: 134
Info (10041): Inferred latch for "senal[29]" at PuenteElevadizo.vhd(134) File: C:/Users/pc/OneDrive/Documents/Dev/DD/ProyectoVLSI/PuenteElevadizo.vhd Line: 134
Info (10041): Inferred latch for "senal[30]" at PuenteElevadizo.vhd(134) File: C:/Users/pc/OneDrive/Documents/Dev/DD/ProyectoVLSI/PuenteElevadizo.vhd Line: 134
Info (10041): Inferred latch for "senal[31]" at PuenteElevadizo.vhd(134) File: C:/Users/pc/OneDrive/Documents/Dev/DD/ProyectoVLSI/PuenteElevadizo.vhd Line: 134
Info (12128): Elaborating entity "Buzzer" for hierarchy "Buzzer:B1" File: C:/Users/pc/OneDrive/Documents/Dev/DD/ProyectoVLSI/PuenteElevadizo.vhd Line: 120
Warning (10492): VHDL Process Statement warning at Buzzer.vhd(50): signal "cont_la" is read inside the Process Statement but isn't in the Process Statement's sensitivity list File: C:/Users/pc/OneDrive/Documents/Dev/DD/ProyectoVLSI/Buzzer.vhd Line: 50
Info (12128): Elaborating entity "sonicos" for hierarchy "sonicos:S1" File: C:/Users/pc/OneDrive/Documents/Dev/DD/ProyectoVLSI/PuenteElevadizo.vhd Line: 122
Info (12128): Elaborating entity "RGB" for hierarchy "RGB:L1" File: C:/Users/pc/OneDrive/Documents/Dev/DD/ProyectoVLSI/PuenteElevadizo.vhd Line: 125
Info (12128): Elaborating entity "Divisor" for hierarchy "RGB:L1|Divisor:D1" File: C:/Users/pc/OneDrive/Documents/Dev/DD/ProyectoVLSI/RGB.vhd Line: 43
Info (12128): Elaborating entity "Divisor" for hierarchy "RGB:L1|Divisor:D2" File: C:/Users/pc/OneDrive/Documents/Dev/DD/ProyectoVLSI/RGB.vhd Line: 44
Info (12128): Elaborating entity "PWM" for hierarchy "RGB:L1|PWM:P1" File: C:/Users/pc/OneDrive/Documents/Dev/DD/ProyectoVLSI/RGB.vhd Line: 45
Info (12128): Elaborating entity "Divisor" for hierarchy "Divisor:D1" File: C:/Users/pc/OneDrive/Documents/Dev/DD/ProyectoVLSI/PuenteElevadizo.vhd Line: 127
Info (12128): Elaborating entity "Motor" for hierarchy "Motor:M1" File: C:/Users/pc/OneDrive/Documents/Dev/DD/ProyectoVLSI/PuenteElevadizo.vhd Line: 128
Info (12128): Elaborating entity "Display" for hierarchy "Display:C1" File: C:/Users/pc/OneDrive/Documents/Dev/DD/ProyectoVLSI/PuenteElevadizo.vhd Line: 130
Info (12128): Elaborating entity "Divisor" for hierarchy "Divisor:D2" File: C:/Users/pc/OneDrive/Documents/Dev/DD/ProyectoVLSI/PuenteElevadizo.vhd Line: 131
Warning (13012): Latch inicioContador has unsafe behavior File: C:/Users/pc/OneDrive/Documents/Dev/DD/ProyectoVLSI/PuenteElevadizo.vhd Line: 111
    Warning (13013): Ports D and ENA on the latch are fed by the same signal sonicos:S2|sal_cm[4] File: C:/Users/pc/OneDrive/Documents/Dev/DD/ProyectoVLSI/sonicos.vhd Line: 41
Warning (13004): Presettable and clearable registers converted to equivalent circuits with latches. Registers power-up to an undefined state, and DEVCLRn places the registers in an undefined state.
    Warning (13310): Register "unidades[31]" is converted into an equivalent circuit using register "unidades[31]~_emulated" and latch "unidades[31]~1" File: C:/Users/pc/OneDrive/Documents/Dev/DD/ProyectoVLSI/PuenteElevadizo.vhd Line: 163
    Warning (13310): Register "unidades[30]" is converted into an equivalent circuit using register "unidades[30]~_emulated" and latch "unidades[30]~5" File: C:/Users/pc/OneDrive/Documents/Dev/DD/ProyectoVLSI/PuenteElevadizo.vhd Line: 163
    Warning (13310): Register "unidades[29]" is converted into an equivalent circuit using register "unidades[29]~_emulated" and latch "unidades[29]~9" File: C:/Users/pc/OneDrive/Documents/Dev/DD/ProyectoVLSI/PuenteElevadizo.vhd Line: 163
    Warning (13310): Register "unidades[28]" is converted into an equivalent circuit using register "unidades[28]~_emulated" and latch "unidades[28]~13" File: C:/Users/pc/OneDrive/Documents/Dev/DD/ProyectoVLSI/PuenteElevadizo.vhd Line: 163
    Warning (13310): Register "unidades[27]" is converted into an equivalent circuit using register "unidades[27]~_emulated" and latch "unidades[27]~17" File: C:/Users/pc/OneDrive/Documents/Dev/DD/ProyectoVLSI/PuenteElevadizo.vhd Line: 163
    Warning (13310): Register "unidades[26]" is converted into an equivalent circuit using register "unidades[26]~_emulated" and latch "unidades[26]~21" File: C:/Users/pc/OneDrive/Documents/Dev/DD/ProyectoVLSI/PuenteElevadizo.vhd Line: 163
    Warning (13310): Register "unidades[25]" is converted into an equivalent circuit using register "unidades[25]~_emulated" and latch "unidades[25]~25" File: C:/Users/pc/OneDrive/Documents/Dev/DD/ProyectoVLSI/PuenteElevadizo.vhd Line: 163
    Warning (13310): Register "unidades[24]" is converted into an equivalent circuit using register "unidades[24]~_emulated" and latch "unidades[24]~29" File: C:/Users/pc/OneDrive/Documents/Dev/DD/ProyectoVLSI/PuenteElevadizo.vhd Line: 163
    Warning (13310): Register "unidades[23]" is converted into an equivalent circuit using register "unidades[23]~_emulated" and latch "unidades[23]~33" File: C:/Users/pc/OneDrive/Documents/Dev/DD/ProyectoVLSI/PuenteElevadizo.vhd Line: 163
    Warning (13310): Register "unidades[22]" is converted into an equivalent circuit using register "unidades[22]~_emulated" and latch "unidades[22]~37" File: C:/Users/pc/OneDrive/Documents/Dev/DD/ProyectoVLSI/PuenteElevadizo.vhd Line: 163
    Warning (13310): Register "unidades[21]" is converted into an equivalent circuit using register "unidades[21]~_emulated" and latch "unidades[21]~41" File: C:/Users/pc/OneDrive/Documents/Dev/DD/ProyectoVLSI/PuenteElevadizo.vhd Line: 163
    Warning (13310): Register "unidades[20]" is converted into an equivalent circuit using register "unidades[20]~_emulated" and latch "unidades[20]~45" File: C:/Users/pc/OneDrive/Documents/Dev/DD/ProyectoVLSI/PuenteElevadizo.vhd Line: 163
    Warning (13310): Register "unidades[19]" is converted into an equivalent circuit using register "unidades[19]~_emulated" and latch "unidades[19]~49" File: C:/Users/pc/OneDrive/Documents/Dev/DD/ProyectoVLSI/PuenteElevadizo.vhd Line: 163
    Warning (13310): Register "unidades[18]" is converted into an equivalent circuit using register "unidades[18]~_emulated" and latch "unidades[18]~53" File: C:/Users/pc/OneDrive/Documents/Dev/DD/ProyectoVLSI/PuenteElevadizo.vhd Line: 163
    Warning (13310): Register "unidades[17]" is converted into an equivalent circuit using register "unidades[17]~_emulated" and latch "unidades[17]~57" File: C:/Users/pc/OneDrive/Documents/Dev/DD/ProyectoVLSI/PuenteElevadizo.vhd Line: 163
    Warning (13310): Register "unidades[16]" is converted into an equivalent circuit using register "unidades[16]~_emulated" and latch "unidades[16]~61" File: C:/Users/pc/OneDrive/Documents/Dev/DD/ProyectoVLSI/PuenteElevadizo.vhd Line: 163
    Warning (13310): Register "unidades[15]" is converted into an equivalent circuit using register "unidades[15]~_emulated" and latch "unidades[15]~65" File: C:/Users/pc/OneDrive/Documents/Dev/DD/ProyectoVLSI/PuenteElevadizo.vhd Line: 163
    Warning (13310): Register "unidades[14]" is converted into an equivalent circuit using register "unidades[14]~_emulated" and latch "unidades[14]~69" File: C:/Users/pc/OneDrive/Documents/Dev/DD/ProyectoVLSI/PuenteElevadizo.vhd Line: 163
    Warning (13310): Register "unidades[13]" is converted into an equivalent circuit using register "unidades[13]~_emulated" and latch "unidades[13]~73" File: C:/Users/pc/OneDrive/Documents/Dev/DD/ProyectoVLSI/PuenteElevadizo.vhd Line: 163
    Warning (13310): Register "unidades[12]" is converted into an equivalent circuit using register "unidades[12]~_emulated" and latch "unidades[12]~77" File: C:/Users/pc/OneDrive/Documents/Dev/DD/ProyectoVLSI/PuenteElevadizo.vhd Line: 163
    Warning (13310): Register "unidades[11]" is converted into an equivalent circuit using register "unidades[11]~_emulated" and latch "unidades[11]~81" File: C:/Users/pc/OneDrive/Documents/Dev/DD/ProyectoVLSI/PuenteElevadizo.vhd Line: 163
    Warning (13310): Register "unidades[10]" is converted into an equivalent circuit using register "unidades[10]~_emulated" and latch "unidades[10]~85" File: C:/Users/pc/OneDrive/Documents/Dev/DD/ProyectoVLSI/PuenteElevadizo.vhd Line: 163
    Warning (13310): Register "unidades[9]" is converted into an equivalent circuit using register "unidades[9]~_emulated" and latch "unidades[9]~89" File: C:/Users/pc/OneDrive/Documents/Dev/DD/ProyectoVLSI/PuenteElevadizo.vhd Line: 163
    Warning (13310): Register "unidades[8]" is converted into an equivalent circuit using register "unidades[8]~_emulated" and latch "unidades[8]~93" File: C:/Users/pc/OneDrive/Documents/Dev/DD/ProyectoVLSI/PuenteElevadizo.vhd Line: 163
    Warning (13310): Register "unidades[7]" is converted into an equivalent circuit using register "unidades[7]~_emulated" and latch "unidades[7]~97" File: C:/Users/pc/OneDrive/Documents/Dev/DD/ProyectoVLSI/PuenteElevadizo.vhd Line: 163
    Warning (13310): Register "unidades[6]" is converted into an equivalent circuit using register "unidades[6]~_emulated" and latch "unidades[6]~101" File: C:/Users/pc/OneDrive/Documents/Dev/DD/ProyectoVLSI/PuenteElevadizo.vhd Line: 163
    Warning (13310): Register "unidades[5]" is converted into an equivalent circuit using register "unidades[5]~_emulated" and latch "unidades[5]~105" File: C:/Users/pc/OneDrive/Documents/Dev/DD/ProyectoVLSI/PuenteElevadizo.vhd Line: 163
    Warning (13310): Register "unidades[4]" is converted into an equivalent circuit using register "unidades[4]~_emulated" and latch "unidades[4]~109" File: C:/Users/pc/OneDrive/Documents/Dev/DD/ProyectoVLSI/PuenteElevadizo.vhd Line: 163
    Warning (13310): Register "unidades[3]" is converted into an equivalent circuit using register "unidades[3]~_emulated" and latch "unidades[3]~113" File: C:/Users/pc/OneDrive/Documents/Dev/DD/ProyectoVLSI/PuenteElevadizo.vhd Line: 163
    Warning (13310): Register "unidades[2]" is converted into an equivalent circuit using register "unidades[2]~_emulated" and latch "unidades[2]~117" File: C:/Users/pc/OneDrive/Documents/Dev/DD/ProyectoVLSI/PuenteElevadizo.vhd Line: 163
    Warning (13310): Register "unidades[1]" is converted into an equivalent circuit using register "unidades[1]~_emulated" and latch "unidades[1]~121" File: C:/Users/pc/OneDrive/Documents/Dev/DD/ProyectoVLSI/PuenteElevadizo.vhd Line: 163
    Warning (13310): Register "unidades[0]" is converted into an equivalent circuit using register "unidades[0]~_emulated" and latch "unidades[0]~125" File: C:/Users/pc/OneDrive/Documents/Dev/DD/ProyectoVLSI/PuenteElevadizo.vhd Line: 163
    Warning (13310): Register "decenas[10]" is converted into an equivalent circuit using register "decenas[10]~_emulated" and latch "decenas[10]~1" File: C:/Users/pc/OneDrive/Documents/Dev/DD/ProyectoVLSI/PuenteElevadizo.vhd Line: 163
    Warning (13310): Register "decenas[0]" is converted into an equivalent circuit using register "decenas[0]~_emulated" and latch "decenas[0]~5" File: C:/Users/pc/OneDrive/Documents/Dev/DD/ProyectoVLSI/PuenteElevadizo.vhd Line: 163
    Warning (13310): Register "senalSalida" is converted into an equivalent circuit using register "senalSalida~_emulated" and latch "senalSalida~1" File: C:/Users/pc/OneDrive/Documents/Dev/DD/ProyectoVLSI/PuenteElevadizo.vhd Line: 110
Warning (13024): Output pins are stuck at VCC or GND
    Warning (13410): Pin "segmento_unid[0]" is stuck at VCC File: C:/Users/pc/OneDrive/Documents/Dev/DD/ProyectoVLSI/PuenteElevadizo.vhd Line: 14
    Warning (13410): Pin "segmento_dec[0]" is stuck at VCC File: C:/Users/pc/OneDrive/Documents/Dev/DD/ProyectoVLSI/PuenteElevadizo.vhd Line: 15
Info (286030): Timing-Driven Synthesis is running
Info (17049): 38 registers lost all their fanouts during netlist optimizations.
Info (16010): Generating hard_block partition "hard_block:auto_generated_inst"
    Info (16011): Adding 0 node(s), including 0 DDIO, 0 PLL, 0 transceiver and 0 LCELL
Info (21057): Implemented 635 device resources after synthesis - the final resource count might be different
    Info (21058): Implemented 3 input pins
    Info (21059): Implemented 26 output pins
    Info (21061): Implemented 606 logic cells
Info: Quartus Prime Analysis & Synthesis was successful. 0 errors, 56 warnings
    Info: Peak virtual memory: 4775 megabytes
    Info: Processing ended: Thu Dec 16 00:35:09 2021
    Info: Elapsed time: 00:00:20
    Info: Total CPU time (on all processors): 00:00:32


